Microsoft Windows [Version 10.0.19044.3086]
(c) Корпорация Майкрософт (Microsoft Corporation). Все права защищены.

C:\Users\w2278898>cd git

C:\Users\w2278898\git>git config --global http.proxy http://proxy.dstu.local:3128

C:\Users\w2278898\git>git clone https://github.com/Timurkar862/test
Cloning into 'test'...
remote: Enumerating objects: 3, done.
remote: Counting objects: 100% (3/3), done.
remote: Total 3 (delta 0), reused 0 (delta 0), pack-reused 0 (from 0)
Receiving objects: 100% (3/3), done.

C:\Users\w2278898\git>git clone https://github.com/Timurkar862/test.git
fatal: destination path 'test' already exists and is not an empty directory.

C:\Users\w2278898\git>cd test

C:\Users\w2278898\git\test>git status
On branch main
Your branch is up to date with 'origin/main'.

nothing to commit, working tree clean

C:\Users\w2278898\git\test>git status
On branch main
Your branch is up to date with 'origin/main'.

Untracked files:
  (use "git add <file>..." to include in what will be committed)
        File1.txt

nothing added to commit but untracked files present (use "git add" to track)

C:\Users\w2278898\git\test>git add File1.txt

C:\Users\w2278898\git\test>git status
On branch main
Your branch is up to date with 'origin/main'.

Changes to be committed:
  (use "git restore --staged <file>..." to unstage)
        new file:   File1.txt


C:\Users\w2278898\git\test>git status
On branch main
Your branch is up to date with 'origin/main'.

Changes to be committed:
  (use "git restore --staged <file>..." to unstage)
        new file:   File1.txt

Changes not staged for commit:
  (use "git add <file>..." to update what will be committed)
  (use "git restore <file>..." to discard changes in working directory)
        modified:   File1.txt


C:\Users\w2278898\git\test>git add File1.txt

C:\Users\w2278898\git\test>git status
On branch main
Your branch is up to date with 'origin/main'.

Changes to be committed:
  (use "git restore --staged <file>..." to unstage)
        new file:   File1.txt


C:\Users\w2278898\git\test>git commit -m "te
[main 07319c2] te
 Committer: Березовский Тимур Германович <W2278898@eup.dstu.local>
Your name and email address were configured automatically based
on your username and hostname. Please check that they are accurate.
You can suppress this message by setting them explicitly:

    git config --global user.name "Your Name"
    git config --global user.email you@example.com

After doing this, you may fix the identity used for this commit with:

    git commit --amend --reset-author

 1 file changed, 3 insertions(+)
 create mode 100644 File1.txt

C:\Users\w2278898\git\test>cd test
Системе не удается найти указанный путь.

C:\Users\w2278898\git\test>cd
C:\Users\w2278898\git\test

C:\Users\w2278898\git\test>dir
 Том в устройстве C не имеет метки.
 Серийный номер тома: 9EF6-3EE6

 Содержимое папки C:\Users\w2278898\git\test

17.10.2024  11:05    <DIR>          .
17.10.2024  11:05    <DIR>          ..
17.10.2024  11:06                10 File1.txt
17.10.2024  11:03                17 README.md
               2 файлов             27 байт
               2 папок  116 559 179 776 байт свободно

C:\Users\w2278898\git\test>git status
On branch main
Your branch is ahead of 'origin/main' by 1 commit.
  (use "git push" to publish your local commits)

nothing to commit, working tree clean

C:\Users\w2278898\git\test>git commit -m "test commit 1"
On branch main
Your branch is ahead of 'origin/main' by 1 commit.
  (use "git push" to publish your local commits)

nothing to commit, working tree clean

C:\Users\w2278898\git\test>